<html>
<body>
<pre>
<h1>礦ision Build Log</h1>
<h2>Tool Versions:</h2>
IDE-Version: μVision V5.27.1.0
Copyright (C) 2019 ARM Ltd and ARM Germany GmbH. All rights reserved.
License Information: 1 1, 1, LIC=PE7DL-0NVGP-8T63P-MKWBM-ZEPBH-QLH8F
 
Tool Versions:
Toolchain:       MDK-ARM Plus  Version: 5.27.1.0
Toolchain Path:  E:\2.MDK5\ARM\ARMCC\Bin
C Compiler:      Armcc.exe V5.06 update 6 (build 750)
Assembler:       Armasm.exe V5.06 update 6 (build 750)
Linker/Locator:  ArmLink.exe V5.06 update 6 (build 750)
Library Manager: ArmAr.exe V5.06 update 6 (build 750)
Hex Converter:   FromElf.exe V5.06 update 6 (build 750)
CPU DLL:         SARMCM3.DLL V5.27.1.0
Dialog DLL:      DCM.DLL V1.17.2.0
Target DLL:      STLink\ST-LINKIII-KEIL_SWO.dll V3.0.6.0
Dialog DLL:      TCM.DLL V1.36.1.0
 
<h2>Project:</h2>
F:\6.XYD\4.MCU\4.MCU资料201\授课大纲资料\15.IAP代码升级资料整理\OTA_250K以内代码升级\Flash_APP2\project\weather.uvprojx
Project File Date:  04/19/2023

<h2>Output:</h2>
*** Using Compiler 'V5.06 update 6 (build 750)', folder: 'E:\2.MDK5\ARM\ARMCC\Bin'
Build target 'software'
assembling startup_stm32f10x_hd.s...
compiling stm32f10x_it.c...
compiling system_stm32f10x.c...
compiling main.c...
..\user\main.c(82): warning:  #767-D: conversion from pointer to smaller integer
  				printf("key%d Released\r\n", (uint8_t)lv_event_get_data());
..\user\main.c(101): warning:  #223-D: function "STMFLASH_Erase" declared implicitly
  	if(STMFLASH_Erase(FLASH_APP2_ADDR, APP_MAX_SIZE) == 0) {
..\user\main.c(78): warning:  #177-D: function "Scr1EventCb"  was declared but never referenced
  static void Scr1EventCb(struct _lv_obj_t * obj, lv_event_t event)
..\user\main.c: 3 warnings, 0 errors
compiling hook.c...
..\user\hook.c(26): warning:  #223-D: function "RecvTimeOut" declared implicitly
  	RecvTimeOut();
..\user\hook.c: 1 warning, 0 errors
compiling delay.c...
compiling app.c...
..\user\app.c(92): warning:  #223-D: function "RecvOverFun" declared implicitly
  		RecvOverFun();
..\user\app.c: 1 warning, 0 errors
compiling led.c...
compiling key.c...
compiling beep.c...
compiling usart.c...
..\user\api\usart.c(52): warning:  #68-D: integer conversion resulted in a change of sign
  		return -1;//非法地址
..\user\api\usart.c(54): warning:  #68-D: integer conversion resulted in a change of sign
  		return -2;//非法地址
..\user\api\usart.c: 2 warnings, 0 errors
compiling my1680.c...
compiling cJSON.c...
compiling esp8266.c...
compiling rgb.c...
compiling dht11.c...
compiling adc.c...
compiling 1.c...
compiling rtc.c...
compiling bsp_lcd.c...
compiling spi.c...
compiling spi_flash.c...
compiling misc.c...
compiling stm32f10x_adc.c...
compiling stm32f10x_bkp.c...
compiling stm32f10x_can.c...
compiling stm32f10x_cec.c...
compiling stm32f10x_crc.c...
compiling stm32f10x_dac.c...
compiling stm32f10x_dbgmcu.c...
compiling stm32f10x_dma.c...
compiling stm32f10x_exti.c...
compiling stm32f10x_flash.c...
compiling stm32f10x_gpio.c...
compiling stm32f10x_i2c.c...
compiling stm32f10x_fsmc.c...
compiling stm32f10x_iwdg.c...
compiling stm32f10x_pwr.c...
compiling stm32f10x_rcc.c...
compiling stm32f10x_sdio.c...
compiling stm32f10x_rtc.c...
compiling stm32f10x_spi.c...
compiling stm32f10x_wwdg.c...
compiling stm32f10x_usart.c...
compiling stm32f10x_tim.c...
compiling croutine.c...
compiling list.c...
compiling event_groups.c...
compiling queue.c...
compiling timers.c...
compiling tasks.c...
compiling port.c...
compiling heap_4.c...
compiling lv_disp.c...
compiling lv_group.c...
compiling lv_port_disp.c...
compiling lv_indev.c...
compiling lv_refr.c...
compiling lv_draw_arc.c...
compiling lv_style.c...
compiling lv_obj.c...
..\Lvgl\src\lv_core\lv_obj.c(4600): warning:  #111-D: statement is unreachable
              break;
..\Lvgl\src\lv_core\lv_obj.c: 1 warning, 0 errors
compiling lv_draw_blend.c...
compiling lv_draw_img.c...
compiling lv_draw_label.c...
compiling lv_draw_line.c...
compiling lv_draw_mask.c...
..\Lvgl\src\lv_draw\lv_draw_mask.c(339): warning:  #111-D: statement is unreachable
          return;
..\Lvgl\src\lv_draw\lv_draw_mask.c(350): warning:  #111-D: statement is unreachable
          return;
..\Lvgl\src\lv_draw\lv_draw_mask.c: 2 warnings, 0 errors
compiling lv_draw_triangle.c...
compiling lv_img_buf.c...
compiling lv_img_cache.c...
compiling lv_draw_rect.c...
compiling lv_font.c...
compiling lv_img_decoder.c...
compiling lv_font_dejavu_16_persian_hebrew.c...
compiling lv_font_fmt_txt.c...
..\Lvgl\src\lv_font\lv_font_fmt_txt.c(132): warning:  #111-D: statement is unreachable
      return NULL;
..\Lvgl\src\lv_font\lv_font_fmt_txt.c: 1 warning, 0 errors
compiling lv_font_loader.c...
compiling lv_font_montserrat_10.c...
compiling lv_font_montserrat_8.c...
compiling lv_font_montserrat_12.c...
compiling lv_font_montserrat_12_subpx.c...
compiling lv_font_montserrat_14.c...
compiling lv_font_montserrat_16.c...
compiling lv_font_montserrat_18.c...
compiling lv_font_montserrat_20.c...
compiling lv_font_montserrat_22.c...
compiling lv_font_montserrat_24.c...
compiling lv_font_montserrat_26.c...
compiling lv_font_montserrat_28.c...
compiling lv_font_montserrat_28_compressed.c...
compiling lv_font_montserrat_30.c...
compiling lv_font_montserrat_32.c...
compiling lv_font_montserrat_34.c...
compiling lv_font_montserrat_36.c...
compiling lv_font_montserrat_38.c...
compiling lv_font_montserrat_42.c...
compiling lv_font_montserrat_40.c...
compiling lv_font_montserrat_44.c...
compiling lv_font_montserrat_46.c...
compiling lv_font_montserrat_48.c...
compiling lv_font_unscii_16.c...
compiling lv_font_unscii_8.c...
compiling lv_font_simsun_16_cjk.c...
compiling lv_hal_tick.c...
compiling lv_hal_indev.c...
compiling lv_hal_disp.c...
..\Lvgl\src\lv_hal\lv_hal_disp.c(469): warning:  #188-D: enumerated type mixed with another type
      return disp->driver.rotated;
..\Lvgl\src\lv_hal\lv_hal_disp.c: 1 warning, 0 errors
compiling lv_anim.c...
compiling lv_area.c...
compiling lv_async.c...
compiling lv_bidi.c...
compiling lv_color.c...
compiling lv_debug.c...
compiling lv_gc.c...
compiling lv_fs.c...
compiling lv_ll.c...
compiling lv_log.c...
compiling lv_math.c...
compiling lv_mem.c...
..\Lvgl\src\lv_misc\lv_mem.c(512): warning:  #111-D: statement is unreachable
                  return NULL;
..\Lvgl\src\lv_misc\lv_mem.c(522): warning:  #111-D: statement is unreachable
      return NULL;
..\Lvgl\src\lv_misc\lv_mem.c: 2 warnings, 0 errors
compiling lv_task.c...
compiling lv_templ.c...
compiling lv_printf.c...
compiling lv_txt_ap.c...
compiling lv_utils.c...
compiling lv_txt.c...
compiling lv_theme.c...
compiling lv_theme_empty.c...
compiling lv_theme_material.c...
compiling lv_theme_template.c...
compiling lv_theme_mono.c...
compiling lv_btn.c...
compiling lv_bar.c...
compiling lv_arc.c...
compiling lv_btnmatrix.c...
compiling lv_calendar.c...
..\Lvgl\src\lv_widgets\lv_calendar.c(447): warning:  #111-D: statement is unreachable
          return LV_RES_OK;
..\Lvgl\src\lv_widgets\lv_calendar.c: 1 warning, 0 errors
compiling lv_canvas.c...
compiling lv_chart.c...
compiling lv_checkbox.c...
compiling lv_cont.c...
compiling lv_cpicker.c...
compiling lv_gauge.c...
compiling lv_dropdown.c...
compiling lv_imgbtn.c...
compiling lv_keyboard.c...
compiling lv_img.c...
compiling lv_led.c...
compiling lv_line.c...
compiling lv_label.c...
compiling lv_msgbox.c...
compiling lv_linemeter.c...
compiling lv_list.c...
compiling lv_objx_templ.c...
compiling lv_objmask.c...
compiling lv_page.c...
compiling lv_roller.c...
compiling lv_slider.c...
compiling lv_spinbox.c...
compiling lv_spinner.c...
compiling lv_switch.c...
compiling lv_tabview.c...
compiling lv_table.c...
compiling lv_textarea.c...
compiling lv_tileview.c...
compiling lv_win.c...
linking...
Program Size: Code=142268 RO-data=14652 RW-data=500 ZI-data=47316  
FromELF: creating hex file...
After Build - User command #1: E:\2.MDK5\ARM\ARMCC\bin\fromelf.exe --bin -o .\Objects\weather.bin .\Objects\weather.axf
".\Objects\weather.axf" - 0 Error(s), 15 Warning(s).

<h2>Software Packages used:</h2>

Package Vendor: ARM
                http://www.keil.com/pack/ARM.CMSIS.5.5.1.pack
                ARM.CMSIS.5.5.1
                CMSIS (Cortex Microcontroller Software Interface Standard)
   * Component: CORE Version: 5.2.0

Package Vendor: Keil
                http://www.keil.com/pack/Keil.STM32F1xx_DFP.2.1.0.pack
                Keil.STM32F1xx_DFP.2.1.0
                STMicroelectronics STM32F1 Series Device Support, Drivers and Examples

<h2>Collection of Component include folders:</h2>
  .\RTE\_software
  E:\2.MDK5\ARM\CMSIS\5.5.1\CMSIS\Core\Include
  E:\2.MDK5\Keil\STM32F1xx_DFP\2.1.0\Device\Include

<h2>Collection of Component Files used:</h2>

   * Component: ARM::CMSIS:CORE:5.2.0
Build Time Elapsed:  00:00:39
</pre>
</body>
</html>
